// Jest Snapshot v1, https://goo.gl/fbAQLP

exports[`Footer component should render correctly 1`] = `
<footer
  className="footer"
>
  <span
    className="count"
  >
    <strong>
      10
    </strong>
     
    items
     left
  </span>
  <ul
    className="filters"
  >
    <Connect(FilterLink)
      filter="SHOW_ALL"
      key="SHOW_ALL"
    />
    <Connect(FilterLink)
      filter="SHOW_ACTIVE"
      key="SHOW_ACTIVE"
    />
    <Connect(FilterLink)
      filter="SHOW_COMPLETED"
      key="SHOW_COMPLETED"
    />
  </ul>
  <button
    className="clear"
    onClick={[Function]}
    type="button"
  >
    Clear completed
  </button>
</footer>
`;
